// Jest Snapshot v1, https://goo.gl/fbAQLP

exports[`Elements - DadJokes given an array of jokes, it renders all jokes 1`] = `
<div>
  <ul
    class="jokes"
  >
    <li
      class="jokes__list-item"
      data-testid="joke-list-item"
    >
      <article
        class="article"
        data-testid="joke"
      >
        How come the stadium got hot after the game? Because all of the fans left.
      </article>
    </li>
    <li
      class="jokes__list-item"
      data-testid="joke-list-item"
    >
      <article
        class="article"
        data-testid="joke"
      >
        Why was it called the dark ages? Because of all the knights. 
      </article>
    </li>
    <li
      class="jokes__list-item"
      data-testid="joke-list-item"
    >
      <article
        class="article"
        data-testid="joke"
      >
        A steak pun is a rare medium well done.
      </article>
    </li>
  </ul>
</div>
`;

exports[`Elements - DadJokes with empty jokes list theres nothing to render 1`] = `<div />`;

exports[`Elements - DadJokes without any jokes theres nothing to render 1`] = `<div />`;
